2024-12-10 20:23:21,738  INFO [main] LoginPageTest:24 - ***************************Starting text cases execution ******************************
2024-12-10 20:23:28,359  INFO [main] LoginPageTest:31 - ****************************** starting test case *****************************************
2024-12-10 20:23:28,361  INFO [main] LoginPageTest:32 - ****************************** OrangeHRMTitleTest *****************************************
2024-12-10 20:23:31,380  INFO [main] LoginPageTest:36 - ****************************** Ending test case *****************************************
2024-12-10 20:23:31,380  INFO [main] LoginPageTest:37 - ****************************** OrangeHRMTitleTest *****************************************
2024-12-10 20:23:35,431  INFO [main] LoginPageTest:62 - *************************** Finished text cases execution ******************************
2024-12-10 20:23:35,438  INFO [main] LoginPageTest:24 - ***************************Starting text cases execution ******************************
2024-12-10 20:23:49,621  INFO [main] LoginPageTest:62 - *************************** Finished text cases execution ******************************
2024-12-10 20:23:49,627  INFO [main] LoginPageTest:24 - ***************************Starting text cases execution ******************************
2024-12-10 20:24:04,042  INFO [main] LoginPageTest:62 - *************************** Finished text cases execution ******************************
2024-12-10 20:24:04,483 DEBUG [main] cache:45 - Couldn't find template in cache for "Extent.ftl"("en_IN", UTF-8, parsed); will try to load it.
2024-12-10 20:24:04,483 DEBUG [main] cache:45 - TemplateLoader.findTemplateSource("Extent_en_IN.ftl"): Not found
2024-12-10 20:24:04,490 DEBUG [main] cache:45 - TemplateLoader.findTemplateSource("Extent_en.ftl"): Not found
2024-12-10 20:24:04,494 DEBUG [main] cache:45 - TemplateLoader.findTemplateSource("Extent.ftl"): Found
2024-12-10 20:24:04,494 DEBUG [main] cache:45 - Loading template for "Extent.ftl"("en_IN", UTF-8, parsed) from "jar:file:/C:/Users/dell/.m2/repository/com/relevantcodes/extentreports/2.41.2/extentreports-2.41.2.jar!/com/relevantcodes/extentreports/view/Extent.ftl"
2024-12-10 20:24:05,238 DEBUG [main] cache:45 - Couldn't find template in cache for "Extent.ftl"("en_IN", UTF-8, parsed); will try to load it.
2024-12-10 20:24:05,238 DEBUG [main] cache:45 - TemplateLoader.findTemplateSource("Extent_en_IN.ftl"): Not found
2024-12-10 20:24:05,240 DEBUG [main] cache:45 - TemplateLoader.findTemplateSource("Extent_en.ftl"): Not found
2024-12-10 20:24:05,240 DEBUG [main] cache:45 - TemplateLoader.findTemplateSource("Extent.ftl"): Found
2024-12-10 20:24:05,242 DEBUG [main] cache:45 - Loading template for "Extent.ftl"("en_IN", UTF-8, parsed) from "jar:file:/C:/Users/dell/.m2/repository/com/relevantcodes/extentreports/2.41.2/extentreports-2.41.2.jar!/com/relevantcodes/extentreports/view/Extent.ftl"
